# Bake Begins!
### (1 of 6) Copy sources
$ cp -a /home/travis/build/fontdirectory/droidsansethiopic/METADATA.json /home/travis/build/fontdirectory/droidsansethiopic/builds/build
$ cp -a /home/travis/build/fontdirectory/droidsansethiopic/DESCRIPTION.en_us.html /home/travis/build/fontdirectory/droidsansethiopic/builds/build
$ cp -a DroidSansEthiopic-Regular.ttf.ttx DroidSansEthiopic-Bold.ttf.ttx DroidSansEthiopic-Regular.ttf._p_r_e_p.ttx DroidSansEthiopic-Regular.ttf._p_o_s_t.ttx DroidSansEthiopic-Regular.ttf._n_a_m_e.ttx DroidSansEthiopic-Regular.ttf._m_a_x_p.ttx DroidSansEthiopic-Regular.ttf._l_o_c_a.ttx DroidSansEthiopic-Regular.ttf._h_m_t_x.ttx DroidSansEthiopic-Regular.ttf._h_h_e_a.ttx DroidSansEthiopic-Regular.ttf._h_e_a_d.ttx DroidSansEthiopic-Regular.ttf._g_l_y_f.ttx DroidSansEthiopic-Regular.ttf._g_a_s_p.ttx DroidSansEthiopic-Regular.ttf._f_p_g_m.ttx DroidSansEthiopic-Regular.ttf._c_v_t.ttx DroidSansEthiopic-Regular.ttf._c_m_a_p.ttx DroidSansEthiopic-Regular.ttf.O_S_2f_2.ttx DroidSansEthiopic-Regular.ttf.GlyphOrder.ttx DroidSansEthiopic-Regular.ttf.G_S_U_B_.ttx DroidSansEthiopic-Regular.ttf.G_P_O_S_.ttx DroidSansEthiopic-Regular.ttf.G_D_E_F_.ttx DroidSansEthiopic-Bold.ttf._p_r_e_p.ttx DroidSansEthiopic-Bold.ttf._p_o_s_t.ttx DroidSansEthiopic-Bold.ttf._n_a_m_e.ttx DroidSansEthiopic-Bold.ttf._m_a_x_p.ttx DroidSansEthiopic-Bold.ttf._l_o_c_a.ttx DroidSansEthiopic-Bold.ttf._h_m_t_x.ttx DroidSansEthiopic-Bold.ttf._h_h_e_a.ttx DroidSansEthiopic-Bold.ttf._h_e_a_d.ttx DroidSansEthiopic-Bold.ttf._g_l_y_f.ttx DroidSansEthiopic-Bold.ttf._g_a_s_p.ttx DroidSansEthiopic-Bold.ttf._f_p_g_m.ttx DroidSansEthiopic-Bold.ttf._c_v_t.ttx DroidSansEthiopic-Bold.ttf._c_m_a_p.ttx DroidSansEthiopic-Bold.ttf.O_S_2f_2.ttx DroidSansEthiopic-Bold.ttf.GlyphOrder.ttx DroidSansEthiopic-Bold.ttf.G_S_U_B_.ttx DroidSansEthiopic-Bold.ttf.G_P_O_S_.ttx DroidSansEthiopic-Bold.ttf.G_D_E_F_.ttx /home/travis/build/fontdirectory/droidsansethiopic/builds/build/sources
### (2 of 6) pyfontaine
### (3 of 6) Run upstream tests
$ fontbakery-check.py upstream-repo sources
$ fontaine --collections subsets --text /home/travis/build/fontdirectory/droidsansethiopic/builds/build/sources/DroidSansEthiopic-Bold.ttf.ttx /home/travis/build/fontdirectory/droidsansethiopic/builds/build/sources/DroidSansEthiopic-Regular.ttf.ttx > fontaine.txt
WARNING: Please install [PyICU](https://pypi.python.org/pypi/PyICU) toenable [feature], perhaps with: pip install pyicu
bakery_lint.tests.upstream.test_prepolation.FontTestPrepolation.test_font_prepolation_glyph_contours(): OK
end of pyfontaine process
bakery_lint.tests.upstream.test_prepolation.FontTestPrepolation.test_font_prepolation_glyph_points(): OK
bakery_lint.tests.upstream.test_prepolation.FontTestPrepolation.test_font_test_prepolation_glyph_names(): OK
bakery_lint.tests.upstream.test_diacritic.TestDiacritic.test_diacritic_made_as_component(): OK
bakery_lint.tests.upstream.test_diacritic.TestDiacritic.test_diacritic_made_as_mark_to_mark(): OK
bakery_lint.tests.upstream.test_diacritic.TestDiacritic.test_diacritic_made_as_own_glyphs(): OK
bakery_lint.tests.upstream.test_check_upstream_sources.ProjectUpstreamTestCase.test_bakery_yaml_exists(): OK
bakery_lint.tests.upstream.test_check_upstream_sources.ProjectUpstreamTestCase.test_copyright_notices_same_across_family(): OK
bakery_lint.tests.upstream.test_check_upstream_sources.ProjectUpstreamTestCase.test_description_html_exists(): OK
bakery_lint.tests.upstream.test_check_upstream_sources.ProjectUpstreamTestCase.test_fontlog_txt_exists(): FAIL
bakery_lint.tests.upstream.test_check_upstream_sources.ProjectUpstreamTestCase.test_metadata_json_exists(): OK
$ fontbakery-check.py upstream-ttx DroidSansEthiopic-Bold.ttf.ttx
bakery_lint.tests.upstream.test_glyphname_does_not_contain_disallowed_chars.TestGlyphNameDoesNotContainsDisallowedChars.test_glyphname_does_not_contain_disallowed_chars(): FAIL
bakery_lint.tests.upstream.test_font_filename_eq_familystyle.TestTTFSourceFontFileNameEqualsFamilyStyle.test_source_ttf_font_filename_equals_familystyle(): FAIL
$ mv /home/travis/build/fontdirectory/droidsansethiopic/builds/build/sources/DroidSansEthiopic-Bold.ttf.ttx /home/travis/build/fontdirectory/droidsansethiopic/builds/build/sources/DroidSansEthiopic-Bold.ttx
bakery_lint.tests.upstream.test_font_filename_eq_familystyle.TestTTFSourceFontFileNameEqualsFamilyStyle.test_source_ttf_font_filename_equals_familystyle(): OK
bakery_lint.tests.upstream.test_check_ttx_requirements.SourceTTXTest.test_epar_in_keys(): FAIL
bakery_lint.tests.upstream.test_check_ttx_requirements.SourceTTXTest.test_os2_in_keys(): OK
bakery_lint.tests.upstream.test_check_ttx_requirements.SourceTTXTest.test_ttx_doesnt_contain_duplicate_glyphs(): OK
bakery_lint.tests.upstream.test_check_ttx_fontfamily_recommendations.TTX_FontFamilyNamingTest.test_ttx_family_naming_recommendation(): FAIL
$ fontbakery-check.py upstream-ttx DroidSansEthiopic-Regular.ttf.ttx
bakery_lint.tests.upstream.test_glyphname_does_not_contain_disallowed_chars.TestGlyphNameDoesNotContainsDisallowedChars.test_glyphname_does_not_contain_disallowed_chars(): FAIL
bakery_lint.tests.upstream.test_font_filename_eq_familystyle.TestTTFSourceFontFileNameEqualsFamilyStyle.test_source_ttf_font_filename_equals_familystyle(): FAIL
$ mv /home/travis/build/fontdirectory/droidsansethiopic/builds/build/sources/DroidSansEthiopic-Regular.ttf.ttx /home/travis/build/fontdirectory/droidsansethiopic/builds/build/sources/DroidSansEthiopic-Regular.ttx
bakery_lint.tests.upstream.test_font_filename_eq_familystyle.TestTTFSourceFontFileNameEqualsFamilyStyle.test_source_ttf_font_filename_equals_familystyle(): OK
bakery_lint.tests.upstream.test_check_ttx_requirements.SourceTTXTest.test_epar_in_keys(): FAIL
bakery_lint.tests.upstream.test_check_ttx_requirements.SourceTTXTest.test_os2_in_keys(): OK
bakery_lint.tests.upstream.test_check_ttx_requirements.SourceTTXTest.test_ttx_doesnt_contain_duplicate_glyphs(): OK
bakery_lint.tests.upstream.test_check_ttx_fontfamily_recommendations.TTX_FontFamilyNamingTest.test_ttx_family_naming_recommendation(): FAIL
### (4 of 6) Convert sources to TTF
$ ttx -d /home/travis/build/fontdirectory/droidsansethiopic/builds/build /home/travis/build/fontdirectory/droidsansethiopic/builds/build/sources/DroidSansEthiopic-Regular.ttx /home/travis/build/fontdirectory/droidsansethiopic/builds/build/sources/DroidSansEthiopic-Bold.ttx
Compiling "/home/travis/build/fontdirectory/droidsansethiopic/builds/build/sources/DroidSansEthiopic-Regular.ttx" to "/home/travis/build/fontdirectory/droidsansethiopic/builds/build/DroidSansEthiopic-Regular.ttf"...
Parsing 'GlyphOrder' table...
Parsing 'head' table...
Parsing 'hhea' table...
Parsing 'maxp' table...
Parsing 'OS/2' table...
Parsing 'hmtx' table...
Parsing 'cmap' table...
Parsing 'fpgm' table...
Parsing 'prep' table...
Parsing 'cvt ' table...
Parsing 'loca' table...
Parsing 'glyf' table...
Parsing 'name' table...
Parsing 'post' table...
Parsing 'gasp' table...
Parsing 'GDEF' table...
Parsing 'GPOS' table...
Parsing 'GSUB' table...
Compiling "/home/travis/build/fontdirectory/droidsansethiopic/builds/build/sources/DroidSansEthiopic-Bold.ttx" to "/home/travis/build/fontdirectory/droidsansethiopic/builds/build/DroidSansEthiopic-Bold.ttf"...
Parsing 'GlyphOrder' table...
Parsing 'head' table...
Parsing 'hhea' table...
Parsing 'maxp' table...
Parsing 'OS/2' table...
Parsing 'hmtx' table...
Parsing 'cmap' table...
Parsing 'fpgm' table...
Parsing 'prep' table...
Parsing 'cvt ' table...
Parsing 'loca' table...
Parsing 'glyf' table...
Parsing 'name' table...
Parsing 'post' table...
Parsing 'gasp' table...
Parsing 'GDEF' table...
Parsing 'GPOS' table...
Parsing 'GSUB' table...
### Test DroidSansEthiopic-Regular.ttf
$ fontbakery-check.py result DroidSansEthiopic-Regular.ttf
bakery_lint.tests.downstream.test_names_are_ascii_only.CheckNamesAreASCIIOnly.test_check_names_are_ascii_only(): FAIL
$ fontbakery-fix-ascii-fontmetadata.py /home/travis/build/fontdirectory/droidsansethiopic/builds/build/DroidSansEthiopic-Regular.ttf
$ mv /home/travis/build/fontdirectory/droidsansethiopic/builds/build/DroidSansEthiopic-Regular.ttf.fix /home/travis/build/fontdirectory/droidsansethiopic/builds/build/DroidSansEthiopic-Regular.ttf
bakery_lint.tests.downstream.test_names_are_ascii_only.CheckNamesAreASCIIOnly.test_check_names_are_ascii_only(): OK
bakery_lint.tests.downstream.test_gpos_table_has_kerning_info.CheckGposTableHasKerningInfo.test_gpos_table_has_kerning_info(): OK
bakery_lint.tests.downstream.test_gasp_table_value.CheckGaspTableType.test_check_gasp_table_type(): OK
$ fontbakery-fix-gasp.py --set=15 /home/travis/build/fontdirectory/droidsansethiopic/builds/build/DroidSansEthiopic-Regular.ttf
$ mv /home/travis/build/fontdirectory/droidsansethiopic/builds/build/DroidSansEthiopic-Regular.ttf.fix /home/travis/build/fontdirectory/droidsansethiopic/builds/build/DroidSansEthiopic-Regular.ttf
bakery_lint.tests.downstream.test_fontforge_validation_state.FontForgeValidateStateTest.test_allowed_numbers_paths_in_composite_glyphs(): OK
bakery_lint.tests.downstream.test_fontforge_validation_state.FontForgeValidateStateTest.test_allowed_numbers_paths_in_glyphs(): OK
bakery_lint.tests.downstream.test_fontforge_validation_state.FontForgeValidateStateTest.test_allowed_numbers_points_in_composite_glyphs(): OK
bakery_lint.tests.downstream.test_fontforge_validation_state.FontForgeValidateStateTest.test_allowed_numbers_points_in_glyphs(): OK
bakery_lint.tests.downstream.test_fontforge_validation_state.FontForgeValidateStateTest.test_duplicate_glyphs(): OK
bakery_lint.tests.downstream.test_fontforge_validation_state.FontForgeValidateStateTest.test_duplicate_unicode_codepoints(): OK
bakery_lint.tests.downstream.test_fontforge_validation_state.FontForgeValidateStateTest.test_flipped_reference_in_glyphs(): OK
bakery_lint.tests.downstream.test_fontforge_validation_state.FontForgeValidateStateTest.test_missing_anchors(): OK
bakery_lint.tests.downstream.test_fontforge_validation_state.FontForgeValidateStateTest.test_missing_extrema_in_glyphs(): FAIL
bakery_lint.tests.downstream.test_fontforge_validation_state.FontForgeValidateStateTest.test_overlapped_hints(): OK
bakery_lint.tests.downstream.test_fontforge_validation_state.FontForgeValidateStateTest.test_points_are_integer_aligned(): OK
bakery_lint.tests.downstream.test_fontforge_validation_state.FontForgeValidateStateTest.test_points_are_not_too_far_apart(): OK
bakery_lint.tests.downstream.test_fontforge_validation_state.FontForgeValidateStateTest.test_postscript_hasnt_limit_hints_in_glyphs(): OK
bakery_lint.tests.downstream.test_fontforge_validation_state.FontForgeValidateStateTest.test_postscript_hasnt_limit_points_in_glyphs(): OK
bakery_lint.tests.downstream.test_fontforge_validation_state.FontForgeValidateStateTest.test_referenced_glyphs_are_present(): OK
bakery_lint.tests.downstream.test_fontforge_validation_state.FontForgeValidateStateTest.test_valid_glyph_names(): OK
bakery_lint.tests.downstream.test_fontforge_validation_state.FontForgeValidateStateTest.test_valid_length_instructions(): OK
bakery_lint.tests.downstream.test_fontforge_validation_state.FontForgeValidateStateTest.test_validation_glyph_intersect(): OK
bakery_lint.tests.downstream.test_fontforge_validation_state.FontForgeValidateStateTest.test_validation_open_contours(): OK
bakery_lint.tests.downstream.test_fontforge_validation_state.FontForgeValidateStateTest.test_wrong_direction_in_glyphs(): OK
bakery_lint.tests.downstream.test_check_vertical_metrics.CheckVerticalLinegapMetrics.test_metrics_linegaps_are_zero(): FAIL
$ fontbakery-fix-vertical-metrics.py --autofix /home/travis/build/fontdirectory/droidsansethiopic/builds/build/DroidSansEthiopic-Regular.ttf /home/travis/build/fontdirectory/droidsansethiopic/builds/build/DroidSansEthiopic-Bold.ttf
$ mv /home/travis/build/fontdirectory/droidsansethiopic/builds/build/DroidSansEthiopic-Regular.ttf.fix /home/travis/build/fontdirectory/droidsansethiopic/builds/build/DroidSansEthiopic-Regular.ttf
$ mv /home/travis/build/fontdirectory/droidsansethiopic/builds/build/DroidSansEthiopic-Bold.ttf.fix /home/travis/build/fontdirectory/droidsansethiopic/builds/build/DroidSansEthiopic-Bold.ttf
$ fontbakery-fix-vertical-metrics.py /home/travis/build/fontdirectory/droidsansethiopic/builds/build/DroidSansEthiopic-Regular.ttf /home/travis/build/fontdirectory/droidsansethiopic/builds/build/DroidSansEthiopic-Bold.ttf
Parameter              DroidSansEthiopic-Regular.ttf    DroidSansEthiopic-Bold.ttf    
ymax                   1935                             1974                          
hhea.ascent            1974                             1974                          
OS/2.sTypoAscender     1974                             1974                          
OS/2.usWinAscent       1974                             1974                          
ymin                   -184                             -256                          
hhea.descent           -256                             -256                          
OS/2.sTypoDescender    -256                             -256                          
OS/2.usWinDescent      256                              256                           
hhea.lineGap           0                                0                             
OS/2.sTypoLineGap      0                                0                             
hhea total             2230                             2230                          
typo total             2230                             2230                          
win total              2230                             2230                          
UPM:Heights            2048:2119                        2048:2230                     
UPM:Heights %          103 %                            108 %                         


bakery_lint.tests.downstream.test_check_vertical_metrics.CheckVerticalLinegapMetrics.test_metrics_linegaps_are_zero(): OK
bakery_lint.tests.downstream.test_check_vertical_metrics.CheckVerticalAscentMetrics.test_metrics_ascents_equal_bbox(): OK
bakery_lint.tests.downstream.test_check_vertical_metrics.CheckVerticalDescentMetrics.test_metrics_descents_equal_bbox(): OK
bakery_lint.tests.downstream.test_check_upm_heights_less_120.TestCheckUPMHeightsLess120.test_check_upm_heigths_less_120(): OK
bakery_lint.tests.downstream.test_check_unused_glyph_data.CheckUnusedGlyphData.test_check_unused_glyph_data(): ERROR
bakery_lint.tests.downstream.test_check_unencoded_glyph.TestFontUnencodedGlyph.test_font_unencoded_glyphs(): ERROR
bakery_lint.tests.downstream.test_check_panose_identification.CheckPanoseIdentification.test_check_panose_identification(): OK
bakery_lint.tests.downstream.test_check_os2_width_class.CheckOS2WidthClass.test_check_os2_width_class(): OK
bakery_lint.tests.downstream.test_check_no_problematic_formats.CheckNoProblematicFormats.test_check_no_problematic_formats(): OK
bakery_lint.tests.downstream.test_check_nbsp_width_matches_sp_width.CheckNbspWidthMatchesSpWidth.test_check_nbsp_width_matches_sp_width(): FAIL
$ fontbakery-fix-nbsp.py /home/travis/build/fontdirectory/droidsansethiopic/builds/build/DroidSansEthiopic-Regular.ttf
$ mv /home/travis/build/fontdirectory/droidsansethiopic/builds/build/DroidSansEthiopic-Regular.ttf.fix /home/travis/build/fontdirectory/droidsansethiopic/builds/build/DroidSansEthiopic-Regular.ttf
bakery_lint.tests.downstream.test_check_nbsp_width_matches_sp_width.CheckNbspWidthMatchesSpWidth.test_check_nbsp_width_matches_sp_width(): FAIL
bakery_lint.tests.downstream.test_check_names_same_across_platforms.CheckNamesSameAcrossPlatforms.test_check_names_same_across_platforms(): OK
bakery_lint.tests.downstream.test_check_name_table_recommendation.CheckStyleNameRecommendation.test_check_stylename_is_under_recommendations(): OK
bakery_lint.tests.downstream.test_check_name_table_recommendation.CheckOTFamilyNameRecommendation.test_check_opentype_familyname(): FAIL
$ fontbakery-fix-opentype-names.py /home/travis/build/fontdirectory/droidsansethiopic/builds/build/DroidSansEthiopic-Regular.ttf
$ mv /home/travis/build/fontdirectory/droidsansethiopic/builds/build/DroidSansEthiopic-Regular.ttf.fix /home/travis/build/fontdirectory/droidsansethiopic/builds/build/DroidSansEthiopic-Regular.ttf
bakery_lint.tests.downstream.test_check_name_table_recommendation.CheckOTFamilyNameRecommendation.test_check_opentype_familyname(): OK
bakery_lint.tests.downstream.test_check_name_table_recommendation.CheckOTStyleNameRecommendation.test_check_opentype_stylename(): OK
bakery_lint.tests.downstream.test_check_name_table_recommendation.CheckOTFullNameRecommendation.test_check_opentype_fullname(): OK
bakery_lint.tests.downstream.test_check_magic_prep_code.CheckMagicPREPByteCode.test_prep_magic_code(): FAIL
bakery_lint.tests.downstream.test_check_license_included.CheckLicenseIncluded.test_license_included_in_font_names(): OK
bakery_lint.tests.downstream.test_check_italic_angle_agreement.CheckItalicAngleAgreement.test_check_italic_angle_agreement(): OK
bakery_lint.tests.downstream.test_check_hmtx_hhea_max_advance_width_agreement.CheckHmtxHheaMaxAdvanceWidthAgreement.test_check_hmtx_hhea_max_advance_width_agreement(): OK
bakery_lint.tests.downstream.test_check_glyph_existence.CheckGlyphExistence.test_euro(): FAIL
bakery_lint.tests.downstream.test_check_glyph_existence.CheckGlyphExistence.test_nbsp(): OK
bakery_lint.tests.downstream.test_check_glyph_existence.CheckGlyphExistence.test_space(): OK
bakery_lint.tests.downstream.test_check_glyf_table_length.CheckGlyfTableLength.test_check_glyf_table_length(): FAIL
bakery_lint.tests.downstream.test_check_full_font_name_begins_with_family_name.CheckFullFontNameBeginsWithFamilyName.test_check_full_font_name_begins_with_family_name(): OK
bakery_lint.tests.downstream.test_check_fontname_matches_macstyle.CheckFontNameEqualToMacStyleFlags.test_fontname_is_equal_to_macstyle(): FAIL
bakery_lint.tests.downstream.test_check_font_tables.CheckFontHasDsigTable.test_check_font_has_dsig_table(): FAIL
$ fontbakery-fix-dsig.py /home/travis/build/fontdirectory/droidsansethiopic/builds/build/DroidSansEthiopic-Regular.ttf
$ mv /home/travis/build/fontdirectory/droidsansethiopic/builds/build/DroidSansEthiopic-Regular.ttf.fix /home/travis/build/fontdirectory/droidsansethiopic/builds/build/DroidSansEthiopic-Regular.ttf
bakery_lint.tests.downstream.test_check_font_tables.CheckFontHasDsigTable.test_check_font_has_dsig_table(): OK
bakery_lint.tests.downstream.test_check_font_tables.CheckFontHasNotKernTable.test_no_kern_table_exists(): OK
bakery_lint.tests.downstream.test_check_font_agreements.CheckFsTypeIsNotSet.test_is_fstype_not_set(): FAIL
$ fontbakery-fix-fstype.py --autofix /home/travis/build/fontdirectory/droidsansethiopic/builds/build/DroidSansEthiopic-Regular.ttf
$ mv /home/travis/build/fontdirectory/droidsansethiopic/builds/build/DroidSansEthiopic-Regular.ttf.fix /home/travis/build/fontdirectory/droidsansethiopic/builds/build/DroidSansEthiopic-Regular.ttf
bakery_lint.tests.downstream.test_check_font_agreements.CheckFsTypeIsNotSet.test_is_fstype_not_set(): OK
$ fontbakery-fix-fstype.py --autofix /home/travis/build/fontdirectory/droidsansethiopic/builds/build/DroidSansEthiopic-Regular.ttf
$ mv /home/travis/build/fontdirectory/droidsansethiopic/builds/build/DroidSansEthiopic-Regular.ttf.fix /home/travis/build/fontdirectory/droidsansethiopic/builds/build/DroidSansEthiopic-Regular.ttf
bakery_lint.tests.downstream.test_check_font_agreements.CheckFontAgreements.test_em_is_1000(): FAIL
bakery_lint.tests.downstream.test_check_font_agreements.CheckFontAgreements.test_file_is_font(): OK
bakery_lint.tests.downstream.test_check_font_agreements.CheckFontAgreements.test_font_is_font(): OK
bakery_lint.tests.downstream.test_check_font_agreements.CheckFontAgreements.test_latin_file_exists(): FAIL
### Optimize TTF DroidSansEthiopic-Regular.ttf
$ ls -l 'DroidSansEthiopic-Regular.ttf'* # look at the size savings of that subset process
DroidSansEthiopic-Regular.ttf.opt: 213200 bytes
DroidSansEthiopic-Regular.ttf: 219520 bytes
$ mv /home/travis/build/fontdirectory/droidsansethiopic/builds/build/DroidSansEthiopic-Regular.ttf.opt /home/travis/build/fontdirectory/droidsansethiopic/builds/build/DroidSansEthiopic-Regular.ttf
### Autohint TTFs (ttfautohint) DroidSansEthiopic-Regular.ttf
$ ttfautohint -l 7 -r 28 -G 50 -x 13 -w "G" /home/travis/build/fontdirectory/droidsansethiopic/builds/build/DroidSansEthiopic-Regular.ttf '/home/travis/build/fontdirectory/droidsansethiopic/builds/build/DroidSansEthiopic-Regular.autohint.ttf'

Error: No glyph for a standard character to derive standard width and height.

Error: Please check the documentation for a list of script-specific standard characters,

Error: or use option `--symbol'.

Fatal: Exited with return code 1 

### Subset TTFs (pyftsubset) DroidSansEthiopic-Regular.ttf
$ pyftsubset DroidSansEthiopic-Regular.latin
$ pyftsubset DroidSansEthiopic-Regular.menu
strippedname:/home/travis/build/fontdirectory/droidsansethiopic/builds/build/DroidSansEthiopic-Regular.ttf
spaceWidth is    532
nbspWidth is     532
Nothing to do
### Test DroidSansEthiopic-Bold.ttf
$ fontbakery-check.py result DroidSansEthiopic-Bold.ttf
bakery_lint.tests.downstream.test_names_are_ascii_only.CheckNamesAreASCIIOnly.test_check_names_are_ascii_only(): FAIL
$ fontbakery-fix-ascii-fontmetadata.py /home/travis/build/fontdirectory/droidsansethiopic/builds/build/DroidSansEthiopic-Bold.ttf
$ mv /home/travis/build/fontdirectory/droidsansethiopic/builds/build/DroidSansEthiopic-Bold.ttf.fix /home/travis/build/fontdirectory/droidsansethiopic/builds/build/DroidSansEthiopic-Bold.ttf
bakery_lint.tests.downstream.test_names_are_ascii_only.CheckNamesAreASCIIOnly.test_check_names_are_ascii_only(): OK
bakery_lint.tests.downstream.test_gpos_table_has_kerning_info.CheckGposTableHasKerningInfo.test_gpos_table_has_kerning_info(): OK
bakery_lint.tests.downstream.test_gasp_table_value.CheckGaspTableType.test_check_gasp_table_type(): OK
$ fontbakery-fix-gasp.py --set=15 /home/travis/build/fontdirectory/droidsansethiopic/builds/build/DroidSansEthiopic-Bold.ttf
$ mv /home/travis/build/fontdirectory/droidsansethiopic/builds/build/DroidSansEthiopic-Bold.ttf.fix /home/travis/build/fontdirectory/droidsansethiopic/builds/build/DroidSansEthiopic-Bold.ttf
bakery_lint.tests.downstream.test_fontforge_validation_state.FontForgeValidateStateTest.test_allowed_numbers_paths_in_composite_glyphs(): OK
bakery_lint.tests.downstream.test_fontforge_validation_state.FontForgeValidateStateTest.test_allowed_numbers_paths_in_glyphs(): OK
bakery_lint.tests.downstream.test_fontforge_validation_state.FontForgeValidateStateTest.test_allowed_numbers_points_in_composite_glyphs(): OK
bakery_lint.tests.downstream.test_fontforge_validation_state.FontForgeValidateStateTest.test_allowed_numbers_points_in_glyphs(): OK
bakery_lint.tests.downstream.test_fontforge_validation_state.FontForgeValidateStateTest.test_duplicate_glyphs(): OK
bakery_lint.tests.downstream.test_fontforge_validation_state.FontForgeValidateStateTest.test_duplicate_unicode_codepoints(): OK
bakery_lint.tests.downstream.test_fontforge_validation_state.FontForgeValidateStateTest.test_flipped_reference_in_glyphs(): OK
bakery_lint.tests.downstream.test_fontforge_validation_state.FontForgeValidateStateTest.test_missing_anchors(): OK
bakery_lint.tests.downstream.test_fontforge_validation_state.FontForgeValidateStateTest.test_missing_extrema_in_glyphs(): OK
bakery_lint.tests.downstream.test_fontforge_validation_state.FontForgeValidateStateTest.test_overlapped_hints(): OK
bakery_lint.tests.downstream.test_fontforge_validation_state.FontForgeValidateStateTest.test_points_are_integer_aligned(): OK
bakery_lint.tests.downstream.test_fontforge_validation_state.FontForgeValidateStateTest.test_points_are_not_too_far_apart(): OK
bakery_lint.tests.downstream.test_fontforge_validation_state.FontForgeValidateStateTest.test_postscript_hasnt_limit_hints_in_glyphs(): OK
bakery_lint.tests.downstream.test_fontforge_validation_state.FontForgeValidateStateTest.test_postscript_hasnt_limit_points_in_glyphs(): OK
bakery_lint.tests.downstream.test_fontforge_validation_state.FontForgeValidateStateTest.test_referenced_glyphs_are_present(): OK
bakery_lint.tests.downstream.test_fontforge_validation_state.FontForgeValidateStateTest.test_valid_glyph_names(): OK
bakery_lint.tests.downstream.test_fontforge_validation_state.FontForgeValidateStateTest.test_valid_length_instructions(): OK
bakery_lint.tests.downstream.test_fontforge_validation_state.FontForgeValidateStateTest.test_validation_glyph_intersect(): OK
bakery_lint.tests.downstream.test_fontforge_validation_state.FontForgeValidateStateTest.test_validation_open_contours(): OK
bakery_lint.tests.downstream.test_fontforge_validation_state.FontForgeValidateStateTest.test_wrong_direction_in_glyphs(): OK
bakery_lint.tests.downstream.test_check_vertical_metrics.CheckVerticalLinegapMetrics.test_metrics_linegaps_are_zero(): ERROR
bakery_lint.tests.downstream.test_check_vertical_metrics.CheckVerticalAscentMetrics.test_metrics_ascents_equal_bbox(): ERROR
bakery_lint.tests.downstream.test_check_vertical_metrics.CheckVerticalDescentMetrics.test_metrics_descents_equal_bbox(): ERROR
bakery_lint.tests.downstream.test_check_upm_heights_less_120.TestCheckUPMHeightsLess120.test_check_upm_heigths_less_120(): OK
bakery_lint.tests.downstream.test_check_unused_glyph_data.CheckUnusedGlyphData.test_check_unused_glyph_data(): ERROR
bakery_lint.tests.downstream.test_check_unencoded_glyph.TestFontUnencodedGlyph.test_font_unencoded_glyphs(): ERROR
bakery_lint.tests.downstream.test_check_panose_identification.CheckPanoseIdentification.test_check_panose_identification(): OK
bakery_lint.tests.downstream.test_check_os2_width_class.CheckOS2WidthClass.test_check_os2_width_class(): OK
bakery_lint.tests.downstream.test_check_no_problematic_formats.CheckNoProblematicFormats.test_check_no_problematic_formats(): OK
bakery_lint.tests.downstream.test_check_nbsp_width_matches_sp_width.CheckNbspWidthMatchesSpWidth.test_check_nbsp_width_matches_sp_width(): FAIL
$ fontbakery-fix-nbsp.py /home/travis/build/fontdirectory/droidsansethiopic/builds/build/DroidSansEthiopic-Bold.ttf
$ mv /home/travis/build/fontdirectory/droidsansethiopic/builds/build/DroidSansEthiopic-Bold.ttf.fix /home/travis/build/fontdirectory/droidsansethiopic/builds/build/DroidSansEthiopic-Bold.ttf
bakery_lint.tests.downstream.test_check_nbsp_width_matches_sp_width.CheckNbspWidthMatchesSpWidth.test_check_nbsp_width_matches_sp_width(): FAIL
bakery_lint.tests.downstream.test_check_names_same_across_platforms.CheckNamesSameAcrossPlatforms.test_check_names_same_across_platforms(): OK
bakery_lint.tests.downstream.test_check_name_table_recommendation.CheckStyleNameRecommendation.test_check_stylename_is_under_recommendations(): OK
bakery_lint.tests.downstream.test_check_name_table_recommendation.CheckOTFamilyNameRecommendation.test_check_opentype_familyname(): FAIL
$ fontbakery-fix-opentype-names.py /home/travis/build/fontdirectory/droidsansethiopic/builds/build/DroidSansEthiopic-Bold.ttf
$ mv /home/travis/build/fontdirectory/droidsansethiopic/builds/build/DroidSansEthiopic-Bold.ttf.fix /home/travis/build/fontdirectory/droidsansethiopic/builds/build/DroidSansEthiopic-Bold.ttf
bakery_lint.tests.downstream.test_check_name_table_recommendation.CheckOTFamilyNameRecommendation.test_check_opentype_familyname(): OK
bakery_lint.tests.downstream.test_check_name_table_recommendation.CheckOTStyleNameRecommendation.test_check_opentype_stylename(): OK
bakery_lint.tests.downstream.test_check_name_table_recommendation.CheckOTFullNameRecommendation.test_check_opentype_fullname(): OK
bakery_lint.tests.downstream.test_check_magic_prep_code.CheckMagicPREPByteCode.test_prep_magic_code(): FAIL
bakery_lint.tests.downstream.test_check_license_included.CheckLicenseIncluded.test_license_included_in_font_names(): OK
bakery_lint.tests.downstream.test_check_italic_angle_agreement.CheckItalicAngleAgreement.test_check_italic_angle_agreement(): OK
bakery_lint.tests.downstream.test_check_hmtx_hhea_max_advance_width_agreement.CheckHmtxHheaMaxAdvanceWidthAgreement.test_check_hmtx_hhea_max_advance_width_agreement(): OK
bakery_lint.tests.downstream.test_check_glyph_existence.CheckGlyphExistence.test_euro(): FAIL
bakery_lint.tests.downstream.test_check_glyph_existence.CheckGlyphExistence.test_nbsp(): OK
bakery_lint.tests.downstream.test_check_glyph_existence.CheckGlyphExistence.test_space(): OK
bakery_lint.tests.downstream.test_check_glyf_table_length.CheckGlyfTableLength.test_check_glyf_table_length(): FAIL
bakery_lint.tests.downstream.test_check_full_font_name_begins_with_family_name.CheckFullFontNameBeginsWithFamilyName.test_check_full_font_name_begins_with_family_name(): OK
bakery_lint.tests.downstream.test_check_fontname_matches_macstyle.CheckFontNameEqualToMacStyleFlags.test_fontname_is_equal_to_macstyle(): FAIL
bakery_lint.tests.downstream.test_check_font_tables.CheckFontHasDsigTable.test_check_font_has_dsig_table(): FAIL
$ fontbakery-fix-dsig.py /home/travis/build/fontdirectory/droidsansethiopic/builds/build/DroidSansEthiopic-Bold.ttf
$ mv /home/travis/build/fontdirectory/droidsansethiopic/builds/build/DroidSansEthiopic-Bold.ttf.fix /home/travis/build/fontdirectory/droidsansethiopic/builds/build/DroidSansEthiopic-Bold.ttf
bakery_lint.tests.downstream.test_check_font_tables.CheckFontHasDsigTable.test_check_font_has_dsig_table(): OK
bakery_lint.tests.downstream.test_check_font_tables.CheckFontHasNotKernTable.test_no_kern_table_exists(): OK
bakery_lint.tests.downstream.test_check_font_agreements.CheckFsTypeIsNotSet.test_is_fstype_not_set(): FAIL
$ fontbakery-fix-fstype.py --autofix /home/travis/build/fontdirectory/droidsansethiopic/builds/build/DroidSansEthiopic-Bold.ttf
$ mv /home/travis/build/fontdirectory/droidsansethiopic/builds/build/DroidSansEthiopic-Bold.ttf.fix /home/travis/build/fontdirectory/droidsansethiopic/builds/build/DroidSansEthiopic-Bold.ttf
bakery_lint.tests.downstream.test_check_font_agreements.CheckFsTypeIsNotSet.test_is_fstype_not_set(): OK
$ fontbakery-fix-fstype.py --autofix /home/travis/build/fontdirectory/droidsansethiopic/builds/build/DroidSansEthiopic-Bold.ttf
$ mv /home/travis/build/fontdirectory/droidsansethiopic/builds/build/DroidSansEthiopic-Bold.ttf.fix /home/travis/build/fontdirectory/droidsansethiopic/builds/build/DroidSansEthiopic-Bold.ttf
bakery_lint.tests.downstream.test_check_font_agreements.CheckFontAgreements.test_em_is_1000(): FAIL
bakery_lint.tests.downstream.test_check_font_agreements.CheckFontAgreements.test_file_is_font(): OK
bakery_lint.tests.downstream.test_check_font_agreements.CheckFontAgreements.test_font_is_font(): OK
bakery_lint.tests.downstream.test_check_font_agreements.CheckFontAgreements.test_latin_file_exists(): FAIL
### Optimize TTF DroidSansEthiopic-Bold.ttf
$ ls -l 'DroidSansEthiopic-Bold.ttf'* # look at the size savings of that subset process
DroidSansEthiopic-Bold.ttf.opt: 207872 bytes
DroidSansEthiopic-Bold.ttf: 214196 bytes
$ mv /home/travis/build/fontdirectory/droidsansethiopic/builds/build/DroidSansEthiopic-Bold.ttf.opt /home/travis/build/fontdirectory/droidsansethiopic/builds/build/DroidSansEthiopic-Bold.ttf
### Autohint TTFs (ttfautohint) DroidSansEthiopic-Bold.ttf
$ ttfautohint -l 7 -r 28 -G 50 -x 13 -w "G" /home/travis/build/fontdirectory/droidsansethiopic/builds/build/DroidSansEthiopic-Bold.ttf '/home/travis/build/fontdirectory/droidsansethiopic/builds/build/DroidSansEthiopic-Bold.autohint.ttf'

Error: No glyph for a standard character to derive standard width and height.

Error: Please check the documentation for a list of script-specific standard characters,

Error: or use option `--symbol'.

Fatal: Exited with return code 1 

### Subset TTFs (pyftsubset) DroidSansEthiopic-Bold.ttf
$ pyftsubset DroidSansEthiopic-Bold.latin
$ pyftsubset DroidSansEthiopic-Bold.menu
strippedname:/home/travis/build/fontdirectory/droidsansethiopic/builds/build/DroidSansEthiopic-Bold.ttf
spaceWidth is    532
nbspWidth is     532
Nothing to do
### (5 of 6) Generate METADATA.json (fontbakery-build-metadata.py)
$ fontbakery-build-metadata.py /home/travis/build/fontdirectory/droidsansethiopic/builds/build
{} exists
Designer's name from font is: Steve Matteson
Error: unpack requires a string argument of length 12
ERROR: BUILD FAILED
